"3clicks.mp3",0.000000000,9.961360545,mean,0.00203,"(mean value, continuous-time average)"
,0.000000000,9.961360545,median,0.00186,"(median value, continuous-time average)"
,0.000000000,9.961360545,mode,0.00179,"(modal value, continuous-time average)"
,0.000000000,9.961360545,mean,0.00251,"(mean value, continuous-time average)"
