"3clicks.mp3",0.000000000,4.992290250,mean,0.00028653,"(mean value, continuous-time average)"
,0.000000000,4.992290250,median,1.64364e-5,"(median value, continuous-time average)"
,0.000000000,4.992290250,mode,1.39156e-5,"(modal value, continuous-time average)"
,0.000000000,4.992290250,mean,0.000923752,"(mean value, continuous-time average)"
"6clicks.ogg",0.000000000,9.961360545,mean,0.00396273,"(mean value, continuous-time average)"
,0.000000000,9.961360545,median,0.00372425,"(median value, continuous-time average)"
,0.000000000,9.961360545,mode,0.00358366,"(modal value, continuous-time average)"
,0.000000000,9.961360545,mean,0.00468354,"(mean value, continuous-time average)"
