0.777868480
1.648616780
2.414875283
0.000000000,mean,668.509
0.000000000,mean,162.123
0.000000000,median,168
0.000000000,mode,0
