"3clicks8.wav",0.000000000,5.201269840,mean,162.585,"(mean value, continuous-time average)"
,0.000000000,5.201269840,median,168,"(median value, continuous-time average)"
,0.000000000,5.201269840,mode,0,"(modal value, continuous-time average)"
,0.000000000,5.201269840,mean,677.241,"(mean value, continuous-time average)"
"6clicks8.wav",0.000000000,10.031020407,mean,169.079,"(mean value, continuous-time average)"
,0.000000000,10.031020407,median,169,"(median value, continuous-time average)"
,0.000000000,10.031020407,mode,164,"(modal value, continuous-time average)"
,0.000000000,10.031020407,mean,695.759,"(mean value, continuous-time average)"
