"./audio/3clicks8.wav",0.780294784
,1.648662131
,2.415328797
