"./audio/3clicks8.wav",0.000000000,5.201269840,mean,162.585,"(mean value, continuous-time average)"
,0.000000000,5.201269840,median,168,"(median value, continuous-time average)"
,0.000000000,5.201269840,mode,0,"(modal value, continuous-time average)"
,0.000000000,5.201269840,mean,677.241,"(mean value, continuous-time average)"
