0.000000000,count,448
0.000000000,max,503
0.000000000,mean,162.123
0.000000000,median,168
0.000000000,min,0
0.000000000,mode,0
0.000000000,sd,46.82
0.000000000,sum,72631
0.000000000,variance,2192.12
