XML parser reported: unexpected end of file at line 1, column 1
