ERROR: RDF parser reported:
ERROR: XML parser reported:
