RDF parser reported: Failed to import model from URL
