{
"file_metadata": {
  "jams_version": "0.2.0",
  "identifiers": { "filename": "3clicks8.wav" },
  "duration": 4.979659863
},
"annotations": [
{
  "namespace": "unknown",
  "annotation_metadata": {
    "annotation_tools": "Sonic Annotator v1.3",
    "data_source": "Automatic feature extraction",
    "annotator": {
      "plugin_id": "vamp:vamp-example-plugins:amplitudefollower",
      "output_id": "amplitude",
      "step_size": 1024,
      "block_size": 1024,
      "sample_rate": 44100,
      "transform_id": "vamp:vamp-example-plugins:amplitudefollower:amplitude"
    }
  },
  "data": [
    { "time": 0.000000000, "duration": 0.0, "confidence": 1.0, "value": 0.0036 },
    { "time": 0.023219954, "duration": 0.0, "confidence": 1.0, "value": 0.0035 },
    { "time": 0.046439909, "duration": 0.0, "confidence": 1.0, "value": 0.0036 },
    { "time": 0.069659863, "duration": 0.0, "confidence": 1.0, "value": 0.0036 },
    { "time": 0.092879818, "duration": 0.0, "confidence": 1.0, "value": 0.0036 },
    { "time": 0.116099773, "duration": 0.0, "confidence": 1.0, "value": 0.0035 },
    { "time": 0.139319727, "duration": 0.0, "confidence": 1.0, "value": 0.0035 },
    { "time": 0.162539682, "duration": 0.0, "confidence": 1.0, "value": 0.0035 },
    { "time": 0.185759637, "duration": 0.0, "confidence": 1.0, "value": 0.0035 },
    { "time": 0.208979591, "duration": 0.0, "confidence": 1.0, "value": 0.0035 },
    { "time": 0.232199546, "duration": 0.0, "confidence": 1.0, "value": 0.0036 },
    { "time": 0.255419501, "duration": 0.0, "confidence": 1.0, "value": 0.0036 },
    { "time": 0.278639455, "duration": 0.0, "confidence": 1.0, "value": 0.0036 },
    { "time": 0.301859410, "duration": 0.0, "confidence": 1.0, "value": 0.0035 },
    { "time": 0.325079365, "duration": 0.0, "confidence": 1.0, "value": 0.0036 },
    { "time": 0.348299319, "duration": 0.0, "confidence": 1.0, "value": 0.0035 },
    { "time": 0.371519274, "duration": 0.0, "confidence": 1.0, "value": 0.0036 },
    { "time": 0.394739229, "duration": 0.0, "confidence": 1.0, "value": 0.0035 },
    { "time": 0.417959183, "duration": 0.0, "confidence": 1.0, "value": 0.0036 },
    { "time": 0.441179138, "duration": 0.0, "confidence": 1.0, "value": 0.0036 },
    { "time": 0.464399092, "duration": 0.0, "confidence": 1.0, "value": 0.0035 },
    { "time": 0.487619047, "duration": 0.0, "confidence": 1.0, "value": 0.0035 },
    { "time": 0.510839002, "duration": 0.0, "confidence": 1.0, "value": 0.0035 },
    { "time": 0.534058956, "duration": 0.0, "confidence": 1.0, "value": 0.0035 },
    { "time": 0.557278911, "duration": 0.0, "confidence": 1.0, "value": 0.0035 },
    { "time": 0.580498866, "duration": 0.0, "confidence": 1.0, "value": 0.0035 },
    { "time": 0.603718820, "duration": 0.0, "confidence": 1.0, "value": 0.0035 },
    { "time": 0.626938775, "duration": 0.0, "confidence": 1.0, "value": 0.0035 },
    { "time": 0.650158730, "duration": 0.0, "confidence": 1.0, "value": 0.0036 },
    { "time": 0.673378684, "duration": 0.0, "confidence": 1.0, "value": 0.0037 },
    { "time": 0.696598639, "duration": 0.0, "confidence": 1.0, "value": 0.0035 },
    { "time": 0.719818594, "duration": 0.0, "confidence": 1.0, "value": 0.0035 },
    { "time": 0.743038548, "duration": 0.0, "confidence": 1.0, "value": 0.0036 },
    { "time": 0.766258503, "duration": 0.0, "confidence": 1.0, "value": 0.015 },
    { "time": 0.789478458, "duration": 0.0, "confidence": 1.0, "value": 0.0046 },
    { "time": 0.812698412, "duration": 0.0, "confidence": 1.0, "value": 0.0034 },
    { "time": 0.835918367, "duration": 0.0, "confidence": 1.0, "value": 0.0036 },
    { "time": 0.859138321, "duration": 0.0, "confidence": 1.0, "value": 0.0035 },
    { "time": 0.882358276, "duration": 0.0, "confidence": 1.0, "value": 0.0036 },
    { "time": 0.905578231, "duration": 0.0, "confidence": 1.0, "value": 0.0036 },
    { "time": 0.928798185, "duration": 0.0, "confidence": 1.0, "value": 0.0036 },
    { "time": 0.952018140, "duration": 0.0, "confidence": 1.0, "value": 0.0035 },
    { "time": 0.975238095, "duration": 0.0, "confidence": 1.0, "value": 0.0036 },
    { "time": 0.998458049, "duration": 0.0, "confidence": 1.0, "value": 0.0035 },
    { "time": 1.021678004, "duration": 0.0, "confidence": 1.0, "value": 0.0035 },
    { "time": 1.044897959, "duration": 0.0, "confidence": 1.0, "value": 0.0036 },
    { "time": 1.068117913, "duration": 0.0, "confidence": 1.0, "value": 0.0035 },
    { "time": 1.091337868, "duration": 0.0, "confidence": 1.0, "value": 0.0036 },
    { "time": 1.114557823, "duration": 0.0, "confidence": 1.0, "value": 0.0035 },
    { "time": 1.137777777, "duration": 0.0, "confidence": 1.0, "value": 0.0035 },
    { "time": 1.160997732, "duration": 0.0, "confidence": 1.0, "value": 0.0035 },
    { "time": 1.184217687, "duration": 0.0, "confidence": 1.0, "value": 0.0036 },
    { "time": 1.207437641, "duration": 0.0, "confidence": 1.0, "value": 0.0034 },
    { "time": 1.230657596, "duration": 0.0, "confidence": 1.0, "value": 0.0036 },
    { "time": 1.253877551, "duration": 0.0, "confidence": 1.0, "value": 0.0036 },
    { "time": 1.277097505, "duration": 0.0, "confidence": 1.0, "value": 0.0036 },
    { "time": 1.300317460, "duration": 0.0, "confidence": 1.0, "value": 0.0036 },
    { "time": 1.323537414, "duration": 0.0, "confidence": 1.0, "value": 0.0035 },
    { "time": 1.346757369, "duration": 0.0, "confidence": 1.0, "value": 0.0035 },
    { "time": 1.369977324, "duration": 0.0, "confidence": 1.0, "value": 0.0035 },
    { "time": 1.393197278, "duration": 0.0, "confidence": 1.0, "value": 0.0035 },
    { "time": 1.416417233, "duration": 0.0, "confidence": 1.0, "value": 0.0035 },
    { "time": 1.439637188, "duration": 0.0, "confidence": 1.0, "value": 0.0037 },
    { "time": 1.462857142, "duration": 0.0, "confidence": 1.0, "value": 0.0037 },
    { "time": 1.486077097, "duration": 0.0, "confidence": 1.0, "value": 0.0034 },
    { "time": 1.509297052, "duration": 0.0, "confidence": 1.0, "value": 0.0034 },
    { "time": 1.532517006, "duration": 0.0, "confidence": 1.0, "value": 0.0035 },
    { "time": 1.555736961, "duration": 0.0, "confidence": 1.0, "value": 0.0035 },
    { "time": 1.578956916, "duration": 0.0, "confidence": 1.0, "value": 0.0035 },
    { "time": 1.602176870, "duration": 0.0, "confidence": 1.0, "value": 0.0035 },
    { "time": 1.625396825, "duration": 0.0, "confidence": 1.0, "value": 0.0035 },
    { "time": 1.648616780, "duration": 0.0, "confidence": 1.0, "value": 0.012 },
    { "time": 1.671836734, "duration": 0.0, "confidence": 1.0, "value": 0.0036 },
    { "time": 1.695056689, "duration": 0.0, "confidence": 1.0, "value": 0.0036 },
    { "time": 1.718276643, "duration": 0.0, "confidence": 1.0, "value": 0.0035 },
    { "time": 1.741496598, "duration": 0.0, "confidence": 1.0, "value": 0.0035 },
    { "time": 1.764716553, "duration": 0.0, "confidence": 1.0, "value": 0.0034 },
    { "time": 1.787936507, "duration": 0.0, "confidence": 1.0, "value": 0.0035 },
    { "time": 1.811156462, "duration": 0.0, "confidence": 1.0, "value": 0.0035 },
    { "time": 1.834376417, "duration": 0.0, "confidence": 1.0, "value": 0.0035 },
    { "time": 1.857596371, "duration": 0.0, "confidence": 1.0, "value": 0.0035 },
    { "time": 1.880816326, "duration": 0.0, "confidence": 1.0, "value": 0.0035 },
    { "time": 1.904036281, "duration": 0.0, "confidence": 1.0, "value": 0.0036 },
    { "time": 1.927256235, "duration": 0.0, "confidence": 1.0, "value": 0.0035 },
    { "time": 1.950476190, "duration": 0.0, "confidence": 1.0, "value": 0.0037 },
    { "time": 1.973696145, "duration": 0.0, "confidence": 1.0, "value": 0.0036 },
    { "time": 1.996916099, "duration": 0.0, "confidence": 1.0, "value": 0.0035 },
    { "time": 2.020136054, "duration": 0.0, "confidence": 1.0, "value": 0.0035 },
    { "time": 2.043356009, "duration": 0.0, "confidence": 1.0, "value": 0.0035 },
    { "time": 2.066575963, "duration": 0.0, "confidence": 1.0, "value": 0.0036 },
    { "time": 2.089795918, "duration": 0.0, "confidence": 1.0, "value": 0.0036 },
    { "time": 2.113015873, "duration": 0.0, "confidence": 1.0, "value": 0.0034 },
    { "time": 2.136235827, "duration": 0.0, "confidence": 1.0, "value": 0.0036 },
    { "time": 2.159455782, "duration": 0.0, "confidence": 1.0, "value": 0.0036 },
    { "time": 2.182675736, "duration": 0.0, "confidence": 1.0, "value": 0.0035 },
    { "time": 2.205895691, "duration": 0.0, "confidence": 1.0, "value": 0.0035 },
    { "time": 2.229115646, "duration": 0.0, "confidence": 1.0, "value": 0.0035 },
    { "time": 2.252335600, "duration": 0.0, "confidence": 1.0, "value": 0.0036 },
    { "time": 2.275555555, "duration": 0.0, "confidence": 1.0, "value": 0.0035 },
    { "time": 2.298775510, "duration": 0.0, "confidence": 1.0, "value": 0.0036 },
    { "time": 2.321995464, "duration": 0.0, "confidence": 1.0, "value": 0.0036 },
    { "time": 2.345215419, "duration": 0.0, "confidence": 1.0, "value": 0.0034 },
    { "time": 2.368435374, "duration": 0.0, "confidence": 1.0, "value": 0.0037 },
    { "time": 2.391655328, "duration": 0.0, "confidence": 1.0, "value": 0.0062 },
    { "time": 2.414875283, "duration": 0.0, "confidence": 1.0, "value": 0.014 },
    { "time": 2.438095238, "duration": 0.0, "confidence": 1.0, "value": 0.0035 },
    { "time": 2.461315192, "duration": 0.0, "confidence": 1.0, "value": 0.0035 },
    { "time": 2.484535147, "duration": 0.0, "confidence": 1.0, "value": 0.0035 },
    { "time": 2.507755102, "duration": 0.0, "confidence": 1.0, "value": 0.0035 },
    { "time": 2.530975056, "duration": 0.0, "confidence": 1.0, "value": 0.0034 },
    { "time": 2.554195011, "duration": 0.0, "confidence": 1.0, "value": 0.0037 },
    { "time": 2.577414965, "duration": 0.0, "confidence": 1.0, "value": 0.0034 },
    { "time": 2.600634920, "duration": 0.0, "confidence": 1.0, "value": 0.0036 },
    { "time": 2.623854875, "duration": 0.0, "confidence": 1.0, "value": 0.0035 },
    { "time": 2.647074829, "duration": 0.0, "confidence": 1.0, "value": 0.0036 },
    { "time": 2.670294784, "duration": 0.0, "confidence": 1.0, "value": 0.0035 },
    { "time": 2.693514739, "duration": 0.0, "confidence": 1.0, "value": 0.0036 },
    { "time": 2.716734693, "duration": 0.0, "confidence": 1.0, "value": 0.0035 },
    { "time": 2.739954648, "duration": 0.0, "confidence": 1.0, "value": 0.0035 },
    { "time": 2.763174603, "duration": 0.0, "confidence": 1.0, "value": 0.0035 },
    { "time": 2.786394557, "duration": 0.0, "confidence": 1.0, "value": 0.0034 },
    { "time": 2.809614512, "duration": 0.0, "confidence": 1.0, "value": 0.0035 },
    { "time": 2.832834467, "duration": 0.0, "confidence": 1.0, "value": 0.0036 },
    { "time": 2.856054421, "duration": 0.0, "confidence": 1.0, "value": 0.0034 },
    { "time": 2.879274376, "duration": 0.0, "confidence": 1.0, "value": 0.0035 },
    { "time": 2.902494331, "duration": 0.0, "confidence": 1.0, "value": 0.0035 },
    { "time": 2.925714285, "duration": 0.0, "confidence": 1.0, "value": 0.0035 },
    { "time": 2.948934240, "duration": 0.0, "confidence": 1.0, "value": 0.0035 },
    { "time": 2.972154195, "duration": 0.0, "confidence": 1.0, "value": 0.0035 },
    { "time": 2.995374149, "duration": 0.0, "confidence": 1.0, "value": 0.0036 },
    { "time": 3.018594104, "duration": 0.0, "confidence": 1.0, "value": 0.0035 },
    { "time": 3.041814058, "duration": 0.0, "confidence": 1.0, "value": 0.0036 },
    { "time": 3.065034013, "duration": 0.0, "confidence": 1.0, "value": 0.0036 },
    { "time": 3.088253968, "duration": 0.0, "confidence": 1.0, "value": 0.0035 },
    { "time": 3.111473922, "duration": 0.0, "confidence": 1.0, "value": 0.0036 },
    { "time": 3.134693877, "duration": 0.0, "confidence": 1.0, "value": 0.0036 },
    { "time": 3.157913832, "duration": 0.0, "confidence": 1.0, "value": 0.0035 },
    { "time": 3.181133786, "duration": 0.0, "confidence": 1.0, "value": 0.0036 },
    { "time": 3.204353741, "duration": 0.0, "confidence": 1.0, "value": 0.0035 },
    { "time": 3.227573696, "duration": 0.0, "confidence": 1.0, "value": 0.0036 },
    { "time": 3.250793650, "duration": 0.0, "confidence": 1.0, "value": 0.0035 },
    { "time": 3.274013605, "duration": 0.0, "confidence": 1.0, "value": 0.0036 },
    { "time": 3.297233560, "duration": 0.0, "confidence": 1.0, "value": 0.0034 },
    { "time": 3.320453514, "duration": 0.0, "confidence": 1.0, "value": 0.0036 },
    { "time": 3.343673469, "duration": 0.0, "confidence": 1.0, "value": 0.0036 },
    { "time": 3.366893424, "duration": 0.0, "confidence": 1.0, "value": 0.0035 },
    { "time": 3.390113378, "duration": 0.0, "confidence": 1.0, "value": 0.0036 },
    { "time": 3.413333333, "duration": 0.0, "confidence": 1.0, "value": 0.0036 },
    { "time": 3.436553287, "duration": 0.0, "confidence": 1.0, "value": 0.0035 },
    { "time": 3.459773242, "duration": 0.0, "confidence": 1.0, "value": 0.0035 },
    { "time": 3.482993197, "duration": 0.0, "confidence": 1.0, "value": 0.0035 },
    { "time": 3.506213151, "duration": 0.0, "confidence": 1.0, "value": 0.0036 },
    { "time": 3.529433106, "duration": 0.0, "confidence": 1.0, "value": 0.0035 },
    { "time": 3.552653061, "duration": 0.0, "confidence": 1.0, "value": 0.0036 },
    { "time": 3.575873015, "duration": 0.0, "confidence": 1.0, "value": 0.0035 },
    { "time": 3.599092970, "duration": 0.0, "confidence": 1.0, "value": 0.0036 },
    { "time": 3.622312925, "duration": 0.0, "confidence": 1.0, "value": 0.0035 },
    { "time": 3.645532879, "duration": 0.0, "confidence": 1.0, "value": 0.0036 },
    { "time": 3.668752834, "duration": 0.0, "confidence": 1.0, "value": 0.0033 },
    { "time": 3.691972789, "duration": 0.0, "confidence": 1.0, "value": 0.0034 },
    { "time": 3.715192743, "duration": 0.0, "confidence": 1.0, "value": 0.0035 },
    { "time": 3.738412698, "duration": 0.0, "confidence": 1.0, "value": 0.0035 },
    { "time": 3.761632653, "duration": 0.0, "confidence": 1.0, "value": 0.0035 },
    { "time": 3.784852607, "duration": 0.0, "confidence": 1.0, "value": 0.0035 },
    { "time": 3.808072562, "duration": 0.0, "confidence": 1.0, "value": 0.0036 },
    { "time": 3.831292517, "duration": 0.0, "confidence": 1.0, "value": 0.0035 },
    { "time": 3.854512471, "duration": 0.0, "confidence": 1.0, "value": 0.0037 },
    { "time": 3.877732426, "duration": 0.0, "confidence": 1.0, "value": 0.0035 },
    { "time": 3.900952380, "duration": 0.0, "confidence": 1.0, "value": 0.0036 },
    { "time": 3.924172335, "duration": 0.0, "confidence": 1.0, "value": 0.0036 },
    { "time": 3.947392290, "duration": 0.0, "confidence": 1.0, "value": 0.0035 },
    { "time": 3.970612244, "duration": 0.0, "confidence": 1.0, "value": 0.0035 },
    { "time": 3.993832199, "duration": 0.0, "confidence": 1.0, "value": 0.0036 },
    { "time": 4.017052154, "duration": 0.0, "confidence": 1.0, "value": 0.0036 },
    { "time": 4.040272108, "duration": 0.0, "confidence": 1.0, "value": 0.0035 },
    { "time": 4.063492063, "duration": 0.0, "confidence": 1.0, "value": 0.0035 },
    { "time": 4.086712018, "duration": 0.0, "confidence": 1.0, "value": 0.0036 },
    { "time": 4.109931972, "duration": 0.0, "confidence": 1.0, "value": 0.0036 },
    { "time": 4.133151927, "duration": 0.0, "confidence": 1.0, "value": 0.0035 },
    { "time": 4.156371882, "duration": 0.0, "confidence": 1.0, "value": 0.0035 },
    { "time": 4.179591836, "duration": 0.0, "confidence": 1.0, "value": 0.0036 },
    { "time": 4.202811791, "duration": 0.0, "confidence": 1.0, "value": 0.0035 },
    { "time": 4.226031746, "duration": 0.0, "confidence": 1.0, "value": 0.0037 },
    { "time": 4.249251700, "duration": 0.0, "confidence": 1.0, "value": 0.0035 },
    { "time": 4.272471655, "duration": 0.0, "confidence": 1.0, "value": 0.0035 },
    { "time": 4.295691609, "duration": 0.0, "confidence": 1.0, "value": 0.0036 },
    { "time": 4.318911564, "duration": 0.0, "confidence": 1.0, "value": 0.0035 },
    { "time": 4.342131519, "duration": 0.0, "confidence": 1.0, "value": 0.0035 },
    { "time": 4.365351473, "duration": 0.0, "confidence": 1.0, "value": 0.0035 },
    { "time": 4.388571428, "duration": 0.0, "confidence": 1.0, "value": 0.0035 },
    { "time": 4.411791383, "duration": 0.0, "confidence": 1.0, "value": 0.0036 },
    { "time": 4.435011337, "duration": 0.0, "confidence": 1.0, "value": 0.0035 },
    { "time": 4.458231292, "duration": 0.0, "confidence": 1.0, "value": 0.0036 },
    { "time": 4.481451247, "duration": 0.0, "confidence": 1.0, "value": 0.0036 },
    { "time": 4.504671201, "duration": 0.0, "confidence": 1.0, "value": 0.0036 },
    { "time": 4.527891156, "duration": 0.0, "confidence": 1.0, "value": 0.0036 },
    { "time": 4.551111111, "duration": 0.0, "confidence": 1.0, "value": 0.0035 },
    { "time": 4.574331065, "duration": 0.0, "confidence": 1.0, "value": 0.0035 },
    { "time": 4.597551020, "duration": 0.0, "confidence": 1.0, "value": 0.0035 },
    { "time": 4.620770975, "duration": 0.0, "confidence": 1.0, "value": 0.0035 },
    { "time": 4.643990929, "duration": 0.0, "confidence": 1.0, "value": 0.0035 },
    { "time": 4.667210884, "duration": 0.0, "confidence": 1.0, "value": 0.0035 },
    { "time": 4.690430839, "duration": 0.0, "confidence": 1.0, "value": 0.0035 },
    { "time": 4.713650793, "duration": 0.0, "confidence": 1.0, "value": 0.0035 },
    { "time": 4.736870748, "duration": 0.0, "confidence": 1.0, "value": 0.0036 },
    { "time": 4.760090702, "duration": 0.0, "confidence": 1.0, "value": 0.0035 },
    { "time": 4.783310657, "duration": 0.0, "confidence": 1.0, "value": 0.0036 },
    { "time": 4.806530612, "duration": 0.0, "confidence": 1.0, "value": 0.0035 },
    { "time": 4.829750566, "duration": 0.0, "confidence": 1.0, "value": 0.0035 },
    { "time": 4.852970521, "duration": 0.0, "confidence": 1.0, "value": 0.0035 },
    { "time": 4.876190476, "duration": 0.0, "confidence": 1.0, "value": 0.0035 },
    { "time": 4.899410430, "duration": 0.0, "confidence": 1.0, "value": 0.0036 },
    { "time": 4.922630385, "duration": 0.0, "confidence": 1.0, "value": 0.0035 },
    { "time": 4.945850340, "duration": 0.0, "confidence": 1.0, "value": 0.0035 },
    { "time": 4.969070294, "duration": 0.0, "confidence": 1.0, "value": 0.0036 }
  ]
}
]
}
