"./../audio/3clicks8.wav",0.000000000,4.992290248,count,430,"(count)"
,0.000000000,4.992290248,max,503,"(maximum value)"
,0.000000000,4.992290248,mean,169.391,"(mean value, continuous-time average)"
,0.000000000,4.992290248,median,169,"(median value, continuous-time average)"
,0.000000000,4.992290248,min,0,"(minimum value)"
,0.000000000,4.992290248,mode,164,"(modal value, continuous-time average)"
,0.000000000,4.992290248,sd,32.7775,"(standard deviation, continuous-time average)"
,0.000000000,4.992290248,sum,72838,"(sum)"
,0.000000000,4.992290248,variance,1074.36,"(variance, continuous-time average)"
