"./../audio/3clicks8.wav",0.777868481
,1.648616780
,2.414875283
,0.000000000,4.992290248,mean,169.391,"(mean value, continuous-time average)"
,0.000000000,4.992290248,median,169,"(median value, continuous-time average)"
,0.000000000,4.992290248,mode,164,"(modal value, continuous-time average)"
,0.000000000,4.992290248,mean,703.191,"(mean value, continuous-time average)"
