"./../audio/3clicks8.wav",0.000000000,4.992290250,mean,169.391,"(mean value, continuous-time average)"
,0.000000000,4.992290250,median,169,"(median value, continuous-time average)"
,0.000000000,4.992290250,mode,164,"(modal value, continuous-time average)"
,0.000000000,4.992290250,mean,703.191,"(mean value, continuous-time average)"
