"./../audio/6clicks8.wav",0.000000000,9.900000000,median,169,"(median value, continuous-time average)"
,9.900000000,0.131020407,median,75,"(median value, continuous-time average)"
