0.000000000,9.750000000,max,0.9,"(maximum value)"
