# Standard deviation is sqrt(variance), see the variance file for
# notes on that value.
#
0.000000000,9.750000000,sd,0.315291,"(standard deviation, continuous-time average)"
