"./../audio/20sec-silence.wav"@0@33075@0@"1 of 10: 0 at 0"
@33075@66150@0.1@"2 of 10: 0.1 at 0.75"
@66150@99225@0.2@"3 of 10: 0.2 at 1.5"
@99225@132300@0.3@"4 of 10: 0.3 at 2.25"
@132300@165375@0.4@"5 of 10: 0.4 at 3"
@165375@198450@0.5@"6 of 10: 0.5 at 3.75"
@198450@231525@0.6@"7 of 10: 0.6 at 4.5"
@231525@264600@0.7@"8 of 10: 0.7 at 5.25"
@264600@297675@0.8@"9 of 10: 0.8 at 6"
@297675@297675@0.9@"10 of 10: 0.9 at 6.75"
