"./../audio/3clicks8quiet.wav",0.000000000,0.00555121
,0.023219954,0.00547576
,0.046439909,0.00564068
,0.069659863,0.00546322
,0.092879818,0.00562361
,0.116099773,0.00556463
,0.139319727,0.00536865
,0.162539682,0.00531881
,0.185759637,0.00515389
,0.208979591,0.00555715
