"./../audio/3clicks8quiet.wav",0.000000000,0.054658
,0.023219954,0.0539152
,0.046439909,0.055539
,0.069659863,0.0537917
,0.092879818,0.0553709
,0.116099773,0.0547902
,0.139319727,0.0528606
,0.162539682,0.0523698
,0.185759637,0.050746
,0.208979591,0.0547165
