"./../audio/3clicks.opus",0.778666666
,1.653333333
,2.410666666
