"./../audio/3clicks.mp3",0.777868481
,1.648616780
,2.403265306
